../Drivers/CMSIS/Include/core_cm4.h:1856:26:NVIC_EncodePriority	4	static
../Drivers/STM32G4xx_HAL_Driver/Inc/stm32g4xx_ll_hrtim.h:2839:22:LL_HRTIM_ConfigADCTrig	20	static
../Drivers/STM32G4xx_HAL_Driver/Inc/stm32g4xx_ll_hrtim.h:3565:22:LL_HRTIM_SetADCPostScaler	8	static
../Core/Src/main.c:626:13:MX_CORDIC_Init	8	static
../Core/Src/main.c:1415:13:MX_DMA_Init	16	static,ignoring_inline_asm
../Core/Src/main.c:1554:13:TIM3_StartSpeedLoop	0	static
../Core/Src/main.c:1612:13:M1_ClampParams	0	static
../Core/Src/main.c:1666:13:M2_ClampParams	0	static
../Core/Src/main.c:1920:13:StepCap_ArmAndAlign	16	static
../Core/Src/main.c:1971:13:StepCap_Playback	8	static
../Core/Src/main.c:1435:13:MX_GPIO_Init	64	static
../Drivers/STM32G4xx_HAL_Driver/Inc/stm32g4xx_ll_hrtim.h:3755:22:LL_HRTIM_TIM_SetPrescaler	0	static,ignoring_inline_asm
../Drivers/STM32G4xx_HAL_Driver/Inc/stm32g4xx_ll_hrtim.h:3813:22:LL_HRTIM_TIM_SetCounterMode	0	static,ignoring_inline_asm
../Drivers/STM32G4xx_HAL_Driver/Inc/stm32g4xx_ll_hrtim.h:3887:22:LL_HRTIM_TIM_DisableHalfMode	4	static,ignoring_inline_asm
../Drivers/STM32G4xx_HAL_Driver/Inc/stm32g4xx_ll_hrtim.h:3959:22:LL_HRTIM_TIM_DisableResyncUpdate	0	static,ignoring_inline_asm
../Drivers/STM32G4xx_HAL_Driver/Inc/stm32g4xx_ll_hrtim.h:4017:22:LL_HRTIM_TIM_SetInterleavedMode	8	static,ignoring_inline_asm
../Drivers/STM32G4xx_HAL_Driver/Inc/stm32g4xx_ll_hrtim.h:4098:22:LL_HRTIM_TIM_DisableStartOnSync	0	static,ignoring_inline_asm
../Drivers/STM32G4xx_HAL_Driver/Inc/stm32g4xx_ll_hrtim.h:4165:22:LL_HRTIM_TIM_DisableResetOnSync	0	static,ignoring_inline_asm
../Drivers/STM32G4xx_HAL_Driver/Inc/stm32g4xx_ll_hrtim.h:4215:22:LL_HRTIM_TIM_SetDACTrig	0	static,ignoring_inline_asm
../Drivers/STM32G4xx_HAL_Driver/Inc/stm32g4xx_ll_hrtim.h:4266:22:LL_HRTIM_TIM_EnablePreload	0	static,ignoring_inline_asm
../Drivers/STM32G4xx_HAL_Driver/Inc/stm32g4xx_ll_hrtim.h:4357:22:LL_HRTIM_TIM_SetUpdateTrig	4	static,ignoring_inline_asm
../Drivers/STM32G4xx_HAL_Driver/Inc/stm32g4xx_ll_hrtim.h:4440:22:LL_HRTIM_TIM_SetUpdateGating	4	static,ignoring_inline_asm
../Drivers/STM32G4xx_HAL_Driver/Inc/stm32g4xx_ll_hrtim.h:4519:22:LL_HRTIM_TIM_DisablePushPullMode	0	static,ignoring_inline_asm
../Drivers/STM32G4xx_HAL_Driver/Inc/stm32g4xx_ll_hrtim.h:4680:22:LL_HRTIM_TIM_SetPeriod	0	static,ignoring_inline_asm
../Drivers/STM32G4xx_HAL_Driver/Inc/stm32g4xx_ll_hrtim.h:4727:22:LL_HRTIM_TIM_SetRepetition	0	static,ignoring_inline_asm
../Drivers/STM32G4xx_HAL_Driver/Inc/stm32g4xx_ll_hrtim.h:4776:22:LL_HRTIM_TIM_SetCompare1	0	static,ignoring_inline_asm
../Drivers/STM32G4xx_HAL_Driver/Inc/stm32g4xx_ll_hrtim.h:4878:22:LL_HRTIM_TIM_SetCompare3	0	static,ignoring_inline_asm
../Drivers/STM32G4xx_HAL_Driver/Inc/stm32g4xx_ll_hrtim.h:5468:22:LL_HRTIM_TIM_DisableDeadTime	0	static,ignoring_inline_asm
../Drivers/STM32G4xx_HAL_Driver/Inc/stm32g4xx_ll_hrtim.h:6406:22:LL_HRTIM_TIM_SetComp1Mode	0	static,ignoring_inline_asm
../Drivers/STM32G4xx_HAL_Driver/Inc/stm32g4xx_ll_hrtim.h:6459:22:LL_HRTIM_TIM_SetComp3Mode	0	static,ignoring_inline_asm
../Drivers/STM32G4xx_HAL_Driver/Inc/stm32g4xx_ll_hrtim.h:6513:22:LL_HRTIM_TIM_SetRollOverMode	0	static,ignoring_inline_asm
../Drivers/STM32G4xx_HAL_Driver/Inc/stm32g4xx_ll_hrtim.h:6564:22:LL_HRTIM_TIM_SetFaultEventRollOverMode	0	static,ignoring_inline_asm
../Drivers/STM32G4xx_HAL_Driver/Inc/stm32g4xx_ll_hrtim.h:6615:22:LL_HRTIM_TIM_SetBMRollOverMode	0	static,ignoring_inline_asm
../Drivers/STM32G4xx_HAL_Driver/Inc/stm32g4xx_ll_hrtim.h:6666:22:LL_HRTIM_TIM_SetADCRollOverMode	0	static,ignoring_inline_asm
../Drivers/STM32G4xx_HAL_Driver/Inc/stm32g4xx_ll_hrtim.h:6719:22:LL_HRTIM_TIM_SetOutputRollOverMode	0	static,ignoring_inline_asm
../Drivers/STM32G4xx_HAL_Driver/Inc/stm32g4xx_ll_hrtim.h:6773:22:LL_HRTIM_TIM_SetCountingMode	0	static,ignoring_inline_asm
../Drivers/STM32G4xx_HAL_Driver/Inc/stm32g4xx_ll_hrtim.h:8049:22:LL_HRTIM_OUT_SetOutputSetSrc	0	static,ignoring_inline_asm
../Drivers/STM32G4xx_HAL_Driver/Inc/stm32g4xx_ll_hrtim.h:8386:22:LL_HRTIM_OUT_SetOutputResetSrc	0	static,ignoring_inline_asm
../Drivers/STM32G4xx_HAL_Driver/Inc/stm32g4xx_ll_hrtim.h:8631:22:LL_HRTIM_OUT_SetPolarity	8	static,ignoring_inline_asm
../Drivers/STM32G4xx_HAL_Driver/Inc/stm32g4xx_ll_hrtim.h:8693:22:LL_HRTIM_OUT_SetIdleMode	8	static,ignoring_inline_asm
../Drivers/STM32G4xx_HAL_Driver/Inc/stm32g4xx_ll_hrtim.h:8756:22:LL_HRTIM_OUT_SetIdleLevel	8	static,ignoring_inline_asm
../Drivers/STM32G4xx_HAL_Driver/Inc/stm32g4xx_ll_hrtim.h:8821:22:LL_HRTIM_OUT_SetFaultState	8	static,ignoring_inline_asm
../Drivers/STM32G4xx_HAL_Driver/Inc/stm32g4xx_ll_hrtim.h:8885:22:LL_HRTIM_OUT_SetChopperMode	8	static,ignoring_inline_asm
../Drivers/STM32G4xx_HAL_Driver/Inc/stm32g4xx_ll_hrtim.h:9652:22:LL_HRTIM_FLT_SetSrc	12	static,ignoring_inline_asm
../Drivers/STM32G4xx_HAL_Driver/Inc/stm32g4xx_ll_hrtim.h:9733:22:LL_HRTIM_FLT_SetPolarity	8	static,ignoring_inline_asm
../Drivers/STM32G4xx_HAL_Driver/Inc/stm32g4xx_ll_hrtim.h:9822:22:LL_HRTIM_FLT_SetFilter	8	static,ignoring_inline_asm
../Drivers/STM32G4xx_HAL_Driver/Inc/stm32g4xx_ll_hrtim.h:9962:22:LL_HRTIM_FLT_Enable	0	static,ignoring_inline_asm
../Drivers/STM32G4xx_HAL_Driver/Inc/stm32g4xx_ll_hrtim.h:10042:22:LL_HRTIM_FLT_EnableBlanking	0	static,ignoring_inline_asm
../Drivers/STM32G4xx_HAL_Driver/Inc/stm32g4xx_ll_hrtim.h:10130:22:LL_HRTIM_FLT_SetBlankingSrc	8	static,ignoring_inline_asm
../Drivers/STM32G4xx_HAL_Driver/Inc/stm32g4xx_ll_hrtim.h:10184:22:LL_HRTIM_FLT_SetCounterThreshold	8	static,ignoring_inline_asm
../Drivers/STM32G4xx_HAL_Driver/Inc/stm32g4xx_ll_hrtim.h:10239:22:LL_HRTIM_FLT_SetResetMode	8	static,ignoring_inline_asm
../Drivers/STM32G4xx_HAL_Driver/Inc/stm32g4xx_ll_hrtim.h:11982:22:LL_HRTIM_EnableIT_UPDATE	0	static,ignoring_inline_asm
../Core/Src/main.c:1509:13:HRTIM_PostInit	8	static
../Core/Src/main.c:667:13:MX_HRTIM1_Init	72	static,ignoring_inline_asm
../Core/Src/main.c:1091:13:MX_SPI1_Init	96	static
../Core/Src/main.c:1163:13:MX_SPI3_Init	96	static
../Core/Src/main.c:1235:13:MX_TIM3_Init	48	static,ignoring_inline_asm
../Core/Src/main.c:1276:13:MX_TIM4_Init	32	static,ignoring_inline_asm
../Core/Src/main.c:1859:13:FlashParams_LoadToRuntime	80	static
../Core/Src/main.c:1570:13:M1_UpdateCtrlRef	8	static
../Core/Src/main.c:1590:13:M2_UpdateCtrlRef	8	static
../Core/Src/main.c:1781:13:Main_RunKth71Calib	24	static
../Core/Src/main.c:1801:13:Main_RunKth71Calib_M1	24	static
../Core/Src/main.c:1819:13:Main_RunZeroCalib	32	static
../Core/Src/main.c:1835:13:Main_RunZeroCalib_M1	32	static
../Core/Src/main.c:1898:13:FlashParams_EraseAndReset	8	static
../Core/Src/main.c:1723:13:PollCalibTriggers	8	static
../Core/Src/main.c:2006:6:Error_Handler	0	static,ignoring_inline_asm
../Core/Src/main.c:268:13:MX_ADC1_Init	200	static,ignoring_inline_asm
../Core/Src/main.c:390:13:MX_ADC2_Init	184	static,ignoring_inline_asm
../Core/Src/main.c:508:13:MX_ADC3_Init	208	static
../Core/Src/main.c:1315:13:MX_USART1_UART_Init	176	static,ignoring_inline_asm
../Core/Src/main.c:222:6:SystemClock_Config	88	static
../Core/Src/main.c:120:5:main	8	static
