../Core/Src/stm32g4xx_it.c:483:13:M1_ControlLoop	0	static,ignoring_inline_asm
../Core/Src/stm32g4xx_it.c:692:13:M2_ControlLoop	0	static,ignoring_inline_asm
../Core/Src/stm32g4xx_it.c:903:20:M1_UpdateElecAngle	0	static
../Core/Src/stm32g4xx_it.c:930:20:M2_UpdateElecAngle	0	static
../Core/Src/stm32g4xx_it.c:958:20:StepCap_Record	8	static
../Drivers/STM32G4xx_HAL_Driver/Inc/stm32g4xx_ll_hrtim.h:11017:22:LL_HRTIM_ClearFlag_UPDATE	0	static,ignoring_inline_asm
../Core/Src/stm32g4xx_it.c:81:6:NMI_Handler	0	static
../Core/Src/stm32g4xx_it.c:96:6:HardFault_Handler	0	static
../Core/Src/stm32g4xx_it.c:111:6:MemManage_Handler	0	static
../Core/Src/stm32g4xx_it.c:126:6:BusFault_Handler	0	static
../Core/Src/stm32g4xx_it.c:141:6:UsageFault_Handler	0	static
../Core/Src/stm32g4xx_it.c:156:6:SVC_Handler	0	static
../Core/Src/stm32g4xx_it.c:169:6:DebugMon_Handler	0	static
../Core/Src/stm32g4xx_it.c:182:6:PendSV_Handler	0	static
../Core/Src/stm32g4xx_it.c:195:6:SysTick_Handler	8	static
../Core/Src/stm32g4xx_it.c:216:6:DMA1_Channel1_IRQHandler	0	static
../Core/Src/stm32g4xx_it.c:233:6:ADC1_2_IRQHandler	48	static
../Core/Src/stm32g4xx_it.c:360:6:TIM3_IRQHandler	16	static
../Core/Src/stm32g4xx_it.c:430:6:TIM4_IRQHandler	8	static
../Core/Src/stm32g4xx_it.c:444:6:HRTIM1_Master_IRQHandler	8	static
../Core/Src/stm32g4xx_it.c:462:6:HRTIM1_FLT_IRQHandler	0	static
