../Drivers/STM32G4xx_HAL_Driver/Inc/stm32g4xx_ll_rcc.h:1818:26:LL_RCC_GetI2CClockSource	0	static
../Drivers/STM32G4xx_HAL_Driver/Inc/stm32g4xx_ll_rcc.h:2322:26:LL_RCC_PLL_GetP	0	static
../Drivers/STM32G4xx_HAL_Driver/Src/stm32g4xx_ll_rcc.c:1058:17:RCC_GetHCLKClockFreq	0	static
../Drivers/STM32G4xx_HAL_Driver/Src/stm32g4xx_ll_rcc.c:1069:17:RCC_GetPCLK1ClockFreq	0	static
../Drivers/STM32G4xx_HAL_Driver/Src/stm32g4xx_ll_rcc.c:1080:17:RCC_GetPCLK2ClockFreq	0	static
../Drivers/STM32G4xx_HAL_Driver/Src/stm32g4xx_ll_rcc.c:1090:17:RCC_PLL_GetFreqDomain_SYS	0	static
../Drivers/STM32G4xx_HAL_Driver/Src/stm32g4xx_ll_rcc.c:1026:17:RCC_GetSystemClockFreq	8	static
../Drivers/STM32G4xx_HAL_Driver/Src/stm32g4xx_ll_rcc.c:1121:17:RCC_PLL_GetFreqDomain_ADC	8	static
../Drivers/STM32G4xx_HAL_Driver/Src/stm32g4xx_ll_rcc.c:1152:17:RCC_PLL_GetFreqDomain_48M	0	static
../Drivers/STM32G4xx_HAL_Driver/Src/stm32g4xx_ll_rcc.c:144:13:LL_RCC_DeInit	0	static
../Drivers/STM32G4xx_HAL_Driver/Src/stm32g4xx_ll_rcc.c:219:6:LL_RCC_GetSystemClocksFreq	8	static
../Drivers/STM32G4xx_HAL_Driver/Src/stm32g4xx_ll_rcc.c:244:10:LL_RCC_GetUSARTClockFreq	8	static
../Drivers/STM32G4xx_HAL_Driver/Src/stm32g4xx_ll_rcc.c:357:10:LL_RCC_GetUARTClockFreq	8	static
../Drivers/STM32G4xx_HAL_Driver/Src/stm32g4xx_ll_rcc.c:442:10:LL_RCC_GetI2CClockFreq	8	static
../Drivers/STM32G4xx_HAL_Driver/Src/stm32g4xx_ll_rcc.c:559:10:LL_RCC_GetLPUARTClockFreq	8	static
../Drivers/STM32G4xx_HAL_Driver/Src/stm32g4xx_ll_rcc.c:603:10:LL_RCC_GetLPTIMClockFreq	8	static
../Drivers/STM32G4xx_HAL_Driver/Src/stm32g4xx_ll_rcc.c:655:10:LL_RCC_GetSAIClockFreq	8	static
../Drivers/STM32G4xx_HAL_Driver/Src/stm32g4xx_ll_rcc.c:709:10:LL_RCC_GetI2SClockFreq	8	static
../Drivers/STM32G4xx_HAL_Driver/Src/stm32g4xx_ll_rcc.c:762:10:LL_RCC_GetFDCANClockFreq	8	static
../Drivers/STM32G4xx_HAL_Driver/Src/stm32g4xx_ll_rcc.c:809:10:LL_RCC_GetRNGClockFreq	8	static
../Drivers/STM32G4xx_HAL_Driver/Src/stm32g4xx_ll_rcc.c:853:10:LL_RCC_GetUSBClockFreq	8	static
../Drivers/STM32G4xx_HAL_Driver/Src/stm32g4xx_ll_rcc.c:899:10:LL_RCC_GetADCClockFreq	8	static
../Drivers/STM32G4xx_HAL_Driver/Src/stm32g4xx_ll_rcc.c:970:10:LL_RCC_GetQUADSPIClockFreq	8	static
